{
  "$schema": "http://json-schema.org/draft-07/schema#",
  "title": "IpNet",
  "description": "Represents a generic network address range. This type can have two variants: v4 and v6.",
  "examples": [
    "127.0.0.0/24",
    "dead::/7"
  ],
  "anyOf": [
    {
      "$ref": "#/definitions/Ipv4Net"
    },
    {
      "$ref": "#/definitions/Ipv6Net"
    }
  ],
  "definitions": {
    "Ipv4Net": {
      "description": "Represents a network address range where the IP addresses are v4 variants",
      "examples": [
        "127.0.0.0/24"
      ],
      "type": "string",
      "format": "ipv4-cidr"
    },
    "Ipv6Net": {
      "description": "Represents a network address range where the IP addresses are v6 variants",
      "examples": [
        "dead::/7"
      ],
      "type": "string",
      "format": "ipv6-cidr"
    }
  }
}